[2026-08-09 02:33:56,883][__main__][INFO] - Run path: C:\text-to-motion-retrieval_Exp
[2026-08-09 02:47:03,179][__main__][ERROR] - Training ended due to Runtime Error: Error in call to target 'torch.optim.lr_scheduler.MultiStepLR':
TypeError("MultiStepLR.__init__() got an unexpected keyword argument 'T_max'")
full_key: optim.lr_scheduler. Exiting....
[2026-08-09 02:54:20,160][__main__][INFO] - Run path: C:\text-to-motion-retrieval_Exp
[2026-08-09 02:55:49,948][__main__][INFO] - {'r1': 0.0, 'r5': 0.29994001199760045, 'r10': 0.9598080383923215, 'medr': np.float64(392.0), 'meanr': np.float64(399.2663467306539), 'spacy': np.float64(0.6775927154513747)}
[2026-08-09 02:55:50,803][__main__][INFO] - Saving model...
[2026-08-09 04:22:30,617][__main__][INFO] - {'r1': 3.359328134373125, 'r5': 9.658068386322736, 'r10': 16.676664667066586, 'medr': np.float64(56.0), 'meanr': np.float64(109.04679064187162), 'spacy': np.float64(0.7779948162704492)}
[2026-08-09 04:22:32,181][__main__][INFO] - Saving model...
[2026-08-09 05:55:36,805][__main__][INFO] - {'r1': 4.079184163167366, 'r5': 17.876424715056988, 'r10': 29.334133173365327, 'medr': np.float64(27.0), 'meanr': np.float64(69.37612477504499), 'spacy': np.float64(0.8026511863306288)}
[2026-08-09 05:55:38,200][__main__][INFO] - Saving model...
[2026-08-09 07:27:05,994][__main__][INFO] - {'r1': 5.398920215956808, 'r5': 21.595680863827234, 'r10': 34.07318536292741, 'medr': np.float64(20.0), 'meanr': np.float64(55.249550089982), 'spacy': np.float64(0.8118796448607534)}
[2026-08-09 07:27:07,165][__main__][INFO] - Saving model...
[2026-08-09 08:58:46,707][__main__][INFO] - {'r1': 6.05878824235153, 'r5': 24.355128974205158, 'r10': 39.35212957408518, 'medr': np.float64(16.0), 'meanr': np.float64(47.131373725254946), 'spacy': np.float64(0.8171548486741949)}
[2026-08-09 08:58:47,775][__main__][INFO] - Saving model...
[2026-08-09 10:30:52,434][__main__][INFO] - {'r1': 7.078584283143371, 'r5': 27.114577084583082, 'r10': 43.25134973005399, 'medr': np.float64(14.0), 'meanr': np.float64(41.92861427714457), 'spacy': np.float64(0.8210004692102872)}
[2026-08-09 10:30:53,181][__main__][INFO] - Saving model...
[2026-08-09 12:02:38,146][__main__][INFO] - {'r1': 7.678464307138572, 'r5': 28.434313137372527, 'r10': 45.23095380923815, 'medr': np.float64(13.0), 'meanr': np.float64(38.42291541691662), 'spacy': np.float64(0.8231966868939701)}
[2026-08-09 12:02:39,829][__main__][INFO] - Saving model...
[2026-08-09 13:34:03,057][__main__][INFO] - {'r1': 8.278344331133773, 'r5': 29.154169166166767, 'r10': 46.910617876424716, 'medr': np.float64(11.0), 'meanr': np.float64(36.60407918416317), 'spacy': np.float64(0.8244233979522921)}
[2026-08-09 13:34:04,018][__main__][INFO] - Saving model...
[2026-08-09 15:06:24,570][__main__][INFO] - {'r1': 7.678464307138572, 'r5': 29.454109178164366, 'r10': 47.150569886022794, 'medr': np.float64(12.0), 'meanr': np.float64(36.28014397120576), 'spacy': np.float64(0.8247688075275712)}
[2026-08-09 15:06:25,471][__main__][INFO] - Saving model...
[2026-08-09 16:40:42,869][__main__][INFO] - {'r1': 8.278344331133773, 'r5': 29.634073185362926, 'r10': 47.570485902819435, 'medr': np.float64(11.0), 'meanr': np.float64(35.97780443911218), 'spacy': np.float64(0.8249774471571261)}
[2026-08-09 16:40:43,512][__main__][INFO] - Saving model...
[2026-08-09 18:09:27,361][__main__][INFO] - {'r1': 8.218356328734254, 'r5': 30.17396520695861, 'r10': 47.870425914817034, 'medr': np.float64(11.0), 'meanr': np.float64(35.78524295140972), 'spacy': np.float64(0.8249577307084278)}
[2026-08-09 18:09:28,356][__main__][INFO] - Saving model...
[2026-08-09 18:15:09,589][__main__][INFO] - Training ended. Exiting....
